// 重构日志: 019219a7
// 重构日志: e09c4f13
// 重构日志: 8b555fa0
// 同步 ID: 3c0b12f5 @ Wed Jul 22 10:06:32 UTC 2026
// 同步 ID: 591d8080 @ Wed Jul 22 14:55:17 UTC 2026
// 同步 ID: daf1fe36 @ Wed Jul 22 22:28:29 UTC 2026
// 同步 ID: ae333f39 @ Thu Jul 23 12:45:42 UTC 2026
// 同步 ID: 218662ff @ Thu Jul 23 15:24:14 UTC 2026
// 重构日志: a24b7276
// 重构日志: 85e3e73e
// 同步 ID: 7cf1cd33 @ Fri Jul 24 07:11:03 UTC 2026
// 重构日志: 4106b05a
// 重构日志: 9ce85bfb
// 重构日志: 8e874534
// 重构日志: 4a879ee6
// 同步 ID: caae711c @ Sat Jul 25 18:13:23 UTC 2026
// 重构日志: d7e4ecd7
// 重构日志: 187520ca
// 重构日志: 764e5348
// 重构日志: 6e39de38
// 同步 ID: 76a83661 @ Sat Aug  1 16:18:42 UTC 2026
// 重构日志: e4d7416c
// 同步 ID: 5711b05d @ Mon Aug  3 01:14:56 UTC 2026
// 重构日志: 4eb8f758
// 重构日志: cf5074f8
// 同步 ID: 3bb0c8cf @ Tue Aug  4 01:41:04 UTC 2026
// 同步 ID: c947cbb9 @ Tue Aug  4 05:11:19 UTC 2026
// 重构日志: fc317c79
// 重构日志: 669fe768
// 同步 ID: f19a3482 @ Fri Aug  7 08:37:14 UTC 2026
// 重构日志: 88d40a42
